
> ap-n-puzzle@0.1.0 test
> react-scripts test --coverage

No tests found, exiting with code 1
Run with `--passWithNoTests` to exit with code 0
In /home/runner/work/ap-n-puzzle/ap-n-puzzle
  11 files checked.
  testMatch: /home/runner/work/ap-n-puzzle/ap-n-puzzle/src/**/__tests__/**/*.{js,jsx,ts,tsx}, /home/runner/work/ap-n-puzzle/ap-n-puzzle/src/**/*.{spec,test}.{js,jsx,ts,tsx} - 0 matches
  testPathIgnorePatterns: /node_modules/ - 11 matches
  testRegex:  - 0 matches
Pattern:  - 0 matches
